// Jest Snapshot v1, https://goo.gl/fbAQLP

exports[`AssignSegments should render 1`] = `
<div>
  <div
    class="assign-segments"
  >
    <div
      class="modal-body d-flex flex-column align-items-center"
    >
      <h2>
        Assign Existing Segments
      </h2>
      <span
        class="subtitle"
      >
        Your existing segments will be hidden until they have been assigned. A segment can only belong to a single property.
      </span>
      <div
        class="assign-segments-table-wrapper"
      >
        <div
          class="table-responsive table-root flex-grow-1"
        >
          <table
            class="table table-autofit table-hover table-heading-nowrap table-nowrap"
          >
            <thead>
              <tr>
                <th
                  class="table-head-title"
                >
                  <button
                    class="inline-item text-truncate-inline btn btn-unstyled"
                    type="button"
                  >
                    <span
                      class="text-truncate"
                    >
                      Segment Name
                    </span>
                    <span
                      class="inline-item inline-item-after"
                    >
                      <svg
                        class="lexicon-icon lexicon-icon-order-arrow-up icon-root"
                        role="presentation"
                      >
                        <use
                          xlink:href="#order-arrow-up"
                        />
                      </svg>
                    </span>
                  </button>
                </th>
                <th
                  class="table-head-title"
                >
                  <button
                    class="inline-item text-truncate-inline btn btn-unstyled"
                    type="button"
                  >
                    <span
                      class="text-truncate"
                    >
                      Created by
                    </span>
                  </button>
                </th>
                <th
                  class="table-head-title"
                />
              </tr>
            </thead>
            <tbody>
              <tr
                class=""
              >
                <td>
                  Seattle1
                </td>
                <td>
                  -
                </td>
                <td>
                  <select
                    class="form-control"
                    data-testid="select-1"
                    required=""
                  >
                    <option
                      value=""
                    >
                      Unassigned
                    </option>
                    <option
                      value="DELETE"
                    >
                      Delete
                    </option>
                    <option
                      value="1"
                    >
                      Channel 1
                    </option>
                    <option
                      value="2"
                    >
                      Channel 2
                    </option>
                  </select>
                </td>
              </tr>
              <tr
                class=""
              >
                <td>
                  Seattle2
                </td>
                <td>
                  -
                </td>
                <td>
                  <select
                    class="form-control"
                    data-testid="select-2"
                    required=""
                  >
                    <option
                      value=""
                    >
                      Unassigned
                    </option>
                    <option
                      value="DELETE"
                    >
                      Delete
                    </option>
                    <option
                      value="1"
                    >
                      Channel 1
                    </option>
                    <option
                      value="2"
                    >
                      Channel 2
                    </option>
                  </select>
                </td>
              </tr>
            </tbody>
          </table>
        </div>
      </div>
    </div>
    <div
      class="modal-footer d-flex justify-content-end"
    >
      <button
        class="btn btn-secondary"
        type="button"
      >
        Skip for Now
      </button>
      <button
        class="btn btn-primary"
        data-testid="submit-button"
        disabled=""
        type="button"
      >
        Done
      </button>
    </div>
  </div>
</div>
`;
