// Jest Snapshot v1, https://goo.gl/fbAQLP

exports[`GeoMapCard should render 1`] = `
<div>
  <div
    class="analytics-geomap"
  >
    <div
      class="geomap-container"
      style="height: 232px; width: 350px;"
    >
      <svg
        height="232px"
        width="350px"
      >
        <rect
          fill="rgba(1, 1, 1, 0)"
          height="232px"
          width="350px"
        />
        <g>
          <g />
        </g>
      </svg>
      <div
        class="bb-tooltip-container"
        style="display: none;"
      />
    </div>
    <table
      class="analytics-geomap-table"
    >
      <tbody>
        <tr>
          <td
            class="text-left font-weight-semibold "
          >
            country.united-states
          </td>
          <td
            class="text-right "
          >
            6.91K
             
            <span
              class="percentage font-weight-semibold"
            >
              37.7%
            </span>
          </td>
        </tr>
        <tr>
          <td
            class="text-left font-weight-semibold "
          >
            country.brazil
          </td>
          <td
            class="text-right "
          >
            6.27K
             
            <span
              class="percentage font-weight-semibold"
            >
              34.3%
            </span>
          </td>
        </tr>
        <tr>
          <td
            class="text-left font-weight-semibold "
          >
            country.india
          </td>
          <td
            class="text-right "
          >
            574
             
            <span
              class="percentage font-weight-semibold"
            >
              3.1%
            </span>
          </td>
        </tr>
        <tr>
          <td
            class="text-left font-weight-semibold "
          >
            country.spain
          </td>
          <td
            class="text-right "
          >
            490
             
            <span
              class="percentage font-weight-semibold"
            >
              2.7%
            </span>
          </td>
        </tr>
        <tr>
          <td
            class="text-left font-weight-semibold "
          >
            country.italy
          </td>
          <td
            class="text-right "
          >
            463
             
            <span
              class="percentage font-weight-semibold"
            >
              2.5%
            </span>
          </td>
        </tr>
        <tr>
          <td
            class="text-left font-weight-semibold text-l-secondary"
          >
            Others
          </td>
          <td
            class="text-right text-l-secondary"
          >
            3.6K
             
            <span
              class="percentage font-weight-semibold"
            >
              19.7%
            </span>
          </td>
        </tr>
      </tbody>
    </table>
  </div>
</div>
`;
