// Jest Snapshot v1, https://goo.gl/fbAQLP

exports[`AttributeBreakdownChip render 1`] = `
<div>
  <div
    class="dropdown"
  >
    <div
      class="attribute-chip-container"
    >
      <div
        class="chip-root d-flex align-items-center justify-content-between attribute-chip-root"
      >
        <div
          class="drag-handle"
        >
          <svg
            class="icon-root lexicon-icon lexicon-icon-drag"
            viewBox=""
          >
            <use
              xlink:href="/o/osb-faro-web/dist/sprite.svg#drag"
            />
          </svg>
        </div>
        <button
          class="button-root btn btn-unstyled edit-attribute-button d-flex"
          type="button"
        >
          <div
            class="sticker"
          >
            <svg
              class="icon-root lexicon-icon lexicon-icon-text"
              viewBox=""
            >
              <use
                xlink:href="/o/osb-faro-web/dist/sprite.svg#text"
              />
            </svg>
          </div>
          <div>
            <div
              class="attribute-label"
            />
            <div
              class="attribute-value"
            >
              Article View
            </div>
          </div>
        </button>
        <button
          class="button-root btn btn-unstyled remove-button"
          type="button"
        >
          <svg
            class="icon-root lexicon-icon lexicon-icon-times-circle"
            viewBox=""
          >
            <use
              xlink:href="/o/osb-faro-web/dist/sprite.svg#times-circle"
            />
          </svg>
        </button>
      </div>
    </div>
  </div>
</div>
`;
