// Jest Snapshot v1, https://goo.gl/fbAQLP

exports[`EventChip render 1`] = `
<div>
  <div
    class="dropdown"
  >
    <div
      class="chip-root d-flex align-items-center justify-content-between event-chip-root"
    >
      <button
        class="button-root btn btn-unstyled event-name"
        type="button"
      >
        View Article
      </button>
      <button
        class="button-root btn btn-unstyled remove-button"
        type="button"
      >
        <svg
          class="icon-root lexicon-icon lexicon-icon-times-circle"
          viewBox=""
        >
          <use
            xlink:href="/o/osb-faro-web/dist/sprite.svg#times-circle"
          />
        </svg>
      </button>
    </div>
  </div>
</div>
`;
