// Jest Snapshot v1, https://goo.gl/fbAQLP

exports[`Breadcrumbs should render 1`] = `
<div>
  <ol
    class="breadcrumb breadcrumbs-root"
  >
    <li
      aria-haspopup="true"
      class="dropdown dropdown-root breadcrumb-item"
    >
      <button
        class="button-root dropdown-toggle breadcrumb-link show-caret btn btn-unstyled"
        type="button"
      >
        <span>
          <svg
            class="lexicon-icon lexicon-icon-ellipsis-h icon-root"
            role="presentation"
          >
            <use
              xlink:href="#ellipsis-h"
            />
          </svg>
        </span>
      </button>
    </li>
    <li
      class="breadcrumb-item"
    >
      <a
        class="breadcrumb-link breadcrumb-text-truncate"
        href="/#five"
      >
        five
      </a>
    </li>
    <li
      class="breadcrumb-item"
    >
      <a
        class="breadcrumb-link breadcrumb-text-truncate"
        href="/#six"
      >
        six
      </a>
    </li>
    <li
      class="breadcrumb-item"
    >
      <a
        class="breadcrumb-link breadcrumb-text-truncate"
        href="/#seven"
      >
        seven
      </a>
    </li>
  </ol>
</div>
`;
