// Jest Snapshot v1, https://goo.gl/fbAQLP

exports[`SearchableSelect should render 1`] = `
<body
  class="dxp"
>
  <div>
    <div
      aria-haspopup="true"
      class="dropdown dropdown-root searchable-select-root"
    >
      <button
        class="button-root btn btn-secondary dropdown-toggle show-caret"
        type="button"
      >
        <span
          class="text-truncate"
        >
          Bar
        </span>
        
        <span
          class="caret-root"
        >
          <svg
            class="icon-root lexicon-icon lexicon-icon-caret-bottom"
            viewBox=""
          >
            <use
              xlink:href="/o/osb-faro-web/dist/sprite.svg#caret-bottom"
            />
          </svg>
        </span>
      </button>
    </div>
  </div>
  <div
    class="overlay-content-root dropdown dropdown-root searchable-select-root"
    data-testid="overlay"
    id="overlay1"
    role="dialog"
    style="top: 0px; left: 0px; transform: translateY(8px);"
  >
    <div
      class="dropdown-menu show"
    >
      <div
        class="dropdown-section"
      >
        <div
          class="input-group"
        >
          <div
            class="input-group-item"
          >
            <input
              class="input-root form-control input-group-inset input-group-inset-after"
              placeholder="Foo"
              type="text"
              value=""
            />
            <div
              class="input-group-inset-item input-group-inset-item-after"
            >
              <button
                class="button-root btn btn-unstyled"
                type="button"
              >
                <svg
                  class="icon-root lexicon-icon lexicon-icon-search"
                  viewBox=""
                >
                  <use
                    xlink:href="/o/osb-faro-web/dist/sprite.svg#search"
                  />
                </svg>
              </button>
            </div>
          </div>
        </div>
      </div>
      <div
        class="dropdown-section items-wrapper"
      >
        <button
          class="button-root btn btn-unstyled dropdown-item text-truncate"
          type="button"
        >
          item0
        </button>
        <button
          class="button-root btn btn-unstyled dropdown-item text-truncate"
          type="button"
        >
          item1
        </button>
        <button
          class="button-root btn btn-unstyled dropdown-item text-truncate"
          type="button"
        >
          item2
        </button>
        <button
          class="button-root btn btn-unstyled dropdown-item text-truncate"
          type="button"
        >
          item3
        </button>
        <button
          class="button-root btn btn-unstyled dropdown-item text-truncate"
          type="button"
        >
          item4
        </button>
      </div>
    </div>
  </div>
</body>
`;
