// Jest Snapshot v1, https://goo.gl/fbAQLP

exports[`CriteriaSidebarCollapse should render 1`] = `
<div>
  <ul
    class="property-subgroups-list active"
  >
    <li>
      
      <ul
        class="properties-list"
      >
        <li
          class="criteria-sidebar-item-root color--"
        >
          <span
            class="inline-item"
          >
            <svg
              class="icon-root lexicon-icon lexicon-icon-drag"
              viewBox=""
            >
              <use
                xlink:href="/o/osb-faro-web/dist/sprite.svg#drag"
              />
            </svg>
          </span>
          <span
            class="criteria-sidebar-item-type sticker"
          >
            <span
              class="inline-item"
            >
              <svg
                class="icon-root lexicon-icon lexicon-icon-text"
                viewBox=""
              >
                <use
                  xlink:href="/o/osb-faro-web/dist/sprite.svg#text"
                />
              </svg>
            </span>
          </span>
          Page Views
        </li>
      </ul>
    </li>
    <li>
      <div
        class="property-subgroup-label"
      >
        DXP Custom Fields
      </div>
      <ul
        class="properties-list"
      >
        <li
          class="criteria-sidebar-item-root color--"
        >
          <span
            class="inline-item"
          >
            <svg
              class="icon-root lexicon-icon lexicon-icon-drag"
              viewBox=""
            >
              <use
                xlink:href="/o/osb-faro-web/dist/sprite.svg#drag"
              />
            </svg>
          </span>
          <span
            class="criteria-sidebar-item-type sticker"
          >
            <span
              class="inline-item"
            >
              <svg
                class="icon-root lexicon-icon lexicon-icon-text"
                viewBox=""
              >
                <use
                  xlink:href="/o/osb-faro-web/dist/sprite.svg#text"
                />
              </svg>
            </span>
          </span>
          Page Actions
        </li>
      </ul>
    </li>
  </ul>
</div>
`;
