// Jest Snapshot v1, https://goo.gl/fbAQLP

exports[`BackButton should render 1`] = `
<div>
  <div
    class="back-button-root"
  >
    <a
      class="button-root btn btn-outline-secondary btn-outline-borderless"
      href="/foo.url"
    >
      <svg
        class="icon-root lexicon-icon lexicon-icon-angle-left inline-item inline-item-before icon-size-sm"
        viewBox=""
      >
        <use
          xlink:href="/o/osb-faro-web/dist/sprite.svg#angle-left"
        />
      </svg>
      foo label
    </a>
  </div>
</div>
`;
