// Jest Snapshot v1, https://goo.gl/fbAQLP

exports[`EventAttributes should render 1`] = `
<div>
  <div
    class="settings-base-page-root"
  >
    <div
      class="maintenance-alert-root"
    />
    <ol
      class="breadcrumb breadcrumbs-root"
    >
      <li
        class="breadcrumb-item"
      >
        <a
          class="breadcrumb-text-truncate breadcrumb-link"
          href="/workspace/23/settings/definitions"
        >
          Definitions
        </a>
      </li>
      <li
        class="breadcrumb-item active"
      >
        <span
          class="breadcrumb-text-truncate"
        >
          Event Attributes
        </span>
      </li>
    </ol>
    <div
      class="content-header"
    >
      <div
        class="header-text"
      >
        <div
          class="d-flex"
        >
          <h3
            class="title-text text-truncate"
          >
            <span
              class="text-truncate"
              data-tooltip="false"
              title=""
            >
              Event Attributes
            </span>
          </h3>
        </div>
        <div
          class="description"
        >
          Attributes provide additional context for events. They are usually event specific, but can be used by more than one. Global attributes will be sent with all events without needing to be configured.
        </div>
      </div>
      <div
        class="page-actions-container"
      />
    </div>
    <div>
      <div
        class="card card-root page-display"
      >
        <div
          class="d-flex justify-content-between"
        >
          <ul
            class="nav-root page-subnav mx-4 my-3 nav nav-underline"
            role="tablist"
          >
            <li
              class="nav-item"
              role="presentation"
            >
              <a
                class="nav-link"
                href="/workspace/23/settings/definitions/event-attributes/global"
                role="tab"
              >
                <div
                  class="mb-2"
                >
                  <b>
                    Global Attributes
                  </b>
                </div>
              </a>
            </li>
            <li
              class="nav-item"
              role="presentation"
            >
              <a
                class="nav-link"
                href="/workspace/23/settings/definitions/event-attributes/local"
                role="tab"
              >
                <div
                  class="mb-2"
                >
                  <b>
                    Attributes
                  </b>
                </div>
              </a>
            </li>
          </ul>
        </div>
      </div>
    </div>
  </div>
</div>
`;
