// Jest Snapshot v1, https://goo.gl/fbAQLP

exports[`Sankey should render 1`] = `
<div>
  <svg
    class="analytics-sankey"
    height="791"
    width="100%"
  >
    <g
      fill="none"
    >
      <path
        class="analytics-sankey-path"
        d="M300,134.20689655172413C0,134.20689655172413,0,301.2068965517241,-300,301.2068965517241"
        data-index="0"
        stroke="#4B9BFF"
        stroke-opacity="0.4"
        stroke-width="72.41379310344828"
      />
      <path
        class="analytics-sankey-path"
        d="M300,301.44827586206895C0,301.44827586206895,0,368.44827586206895,-300,368.44827586206895"
        data-index="1"
        stroke="#FFB46E"
        stroke-opacity="0.4"
        stroke-width="62.06896551724138"
      />
      <path
        class="analytics-sankey-path"
        d="M300,442.82758620689657C0,442.82758620689657,0,409.8275862068965,-300,409.8275862068965"
        data-index="2"
        stroke="#FF5F5F"
        stroke-opacity="0.4"
        stroke-width="20.689655172413794"
      />
      <path
        class="analytics-sankey-path"
        d="M300,625.5862068965517C0,625.5862068965517,0,492.58620689655174,-300,492.58620689655174"
        data-index="3"
        stroke="#AEB0BB"
        stroke-opacity="0.4"
        stroke-width="144.82758620689657"
      />
    </g>
    <g
      class="svg"
    >
      <g
        class="analytics-sankey-box"
      >
        <svg
          class="analytics-sankey-node-group"
          data-index="0"
          x="100"
          y="68"
        >
          <rect
            class="analytics-sankey-node"
            fill="#4B9BFF"
            fill-opacity="1"
            height="72.41379310344828"
            stroke="none"
            width="200"
            y="30"
          />
          <g
            class="analytics-sankey-information"
          >
            <text
              class="analytics-sankey-views"
              fill="#6C6C76"
              x="25"
              y="-30"
            >
              7 Views
            </text>
            <circle
              cx="7"
              cy="-13"
              fill="#4B9BFF"
              r="12"
            />
            <text
              class="analytics-sankey-icon-reference analytics-sankey-icon-normal"
              x="2.5"
              y="-8"
            >
              P
            </text>
            <text
              class="analytics-sankey-title"
              y="0"
            >
              <title>
                127.0.0.1/
              </title>
              <tspan
                dx="25"
                dy="-10"
                x="0"
                y="0"
              >
                127.0.0.1/
              </tspan>
            </text>
            <g>
              <circle
                cx="7"
                cy="15"
                fill="#4B9BFF"
                r="9"
              />
              <rect
                fill="#4B9BFF"
                height="11"
                width="2"
                x="6"
                y="-3"
              />
              <text
                class="analytics-sankey-icon-reference analytics-sankey-icon-small"
                x="4"
                y="18.5"
              >
                +
              </text>
              <text
                class="analytics-sankey-subtitle-show-link text-truncated"
                y="28"
              >
                <title>
                  Loading assets...
                </title>
                <tspan
                  dx="25"
                  dy="-26"
                  x="0"
                  y="28"
                >
                  Loading
                </tspan>
                <tspan
                  dx="25"
                  dy="-12"
                  x="0"
                  y="28"
                >
                  assets...
                </tspan>
              </text>
            </g>
          </g>
          <text
            class="analytics-sankey-numbers-of-views"
            dy="5"
            text-anchor="middle"
            x="100"
            y="66.20689655172414"
          >
            7
          </text>
        </svg>
      </g>
      <g
        class="analytics-sankey-box"
      >
        <svg
          class="analytics-sankey-node-group"
          data-index="1"
          x="100"
          y="240.41379310344826"
        >
          <rect
            class="analytics-sankey-node"
            fill="#FFB46E"
            fill-opacity="1"
            height="62.06896551724137"
            stroke="none"
            width="200"
            y="30"
          />
          <g
            class="analytics-sankey-information"
          >
            <text
              class="analytics-sankey-views"
              fill="#6C6C76"
              x="25"
              y="-44"
            >
              6 Views
            </text>
            <circle
              cx="7"
              cy="-23"
              fill="#FFB46E"
              r="12"
            />
            <text
              class="analytics-sankey-icon-reference analytics-sankey-icon-normal text-truncated"
              x="2.5"
              y="-18"
            >
              P
            </text>
            <text
              class="analytics-sankey-title text-truncated"
              y="0"
            >
              <a
                class="analytics-sankey-text-button"
                href="/workspace/456/123/sites/pages/overview/http%3A%2F%2F127.0.0.1%3A8080%2Fweb%2Fguest%2Fhome%3Fp_p_id%3Dcom_liferay_login_web_portlet_LoginPortlet%26p_p_lifecycle%3D0%26p_p_state%3Dmaximized%26p_p_mode%3Dview%26saveLastPath%3Dfalse%26_com_liferay_login_web_portlet_LoginPortlet_mvcRenderCommandName%3D%252Flogin%252Flogin/127.0.0.1%3A8080%2Fweb%2Fguest%2Fhome%3Fp_p_id%3Dcom_liferay_login_web_portlet_LoginPortlet%26p_p_lifecycle%3D0%26p_p_state%3Dmaximized%26p_p_mode%3Dview%26saveLastPath%3Dfalse%26_com_liferay_login_web_portlet_LoginPortlet_mvcRenderCommandName%3D%2Flogin%2Flogin?rangeKey=30"
              >
                <title>
                  127.0.0.1:8080/web/guest/home?p_p_id=com_liferay_login_web_portlet_LoginPortlet&p_p_lifecycle=0&p_p_state=maximized&p_p_mode=view&saveLastPath=false&_com_liferay_login_web_portlet_LoginPortlet_mvcRenderCommandName=/login/login
                </title>
                <tspan
                  dx="25"
                  dy="-26"
                  x="0"
                  y="0"
                >
                  127.0.0.1:
                </tspan>
                <tspan
                  dx="25"
                  dy="-12"
                  x="0"
                  y="0"
                >
                  8080/web/guest/home?
                  <tspan>
                    …
                  </tspan>
                </tspan>
              </a>
            </text>
            <g>
              <circle
                cx="7"
                cy="13"
                fill="#FFB46E"
                r="9"
              />
              <rect
                fill="#FFB46E"
                height="22"
                width="2"
                x="6"
                y="-17"
              />
              <text
                class="analytics-sankey-icon-reference analytics-sankey-icon-small text-truncated"
                x="4"
                y="16.5"
              >
                +
              </text>
              <text
                class="analytics-sankey-subtitle-show-link text-truncated"
                y="28"
              >
                <title>
                  Loading assets...
                </title>
                <tspan
                  dx="25"
                  dy="-26"
                  x="0"
                  y="28"
                >
                  Loading
                </tspan>
                <tspan
                  dx="25"
                  dy="-12"
                  x="0"
                  y="28"
                >
                  assets...
                </tspan>
              </text>
            </g>
          </g>
          <text
            class="analytics-sankey-numbers-of-views"
            dy="5"
            text-anchor="middle"
            x="100"
            y="61.03448275862068"
          >
            6
          </text>
        </svg>
      </g>
      <g
        class="analytics-sankey-box"
      >
        <svg
          class="analytics-sankey-node-group"
          data-index="2"
          x="100"
          y="402.48275862068965"
        >
          <rect
            class="analytics-sankey-node"
            fill="#FF5F5F"
            fill-opacity="1"
            height="20.68965517241378"
            stroke="none"
            width="200"
            y="30"
          />
          <g
            class="analytics-sankey-information"
          >
            <text
              class="analytics-sankey-views"
              fill="#6C6C76"
              x="25"
              y="-44"
            >
              2 Views
            </text>
            <circle
              cx="7"
              cy="-23"
              fill="#FF5F5F"
              r="12"
            />
            <text
              class="analytics-sankey-icon-reference analytics-sankey-icon-normal text-truncated"
              x="2.5"
              y="-18"
            >
              P
            </text>
            <text
              class="analytics-sankey-title text-truncated"
              y="0"
            >
              <a
                class="analytics-sankey-text-button"
                href="/workspace/456/123/sites/pages/overview/http%3A%2F%2F127.0.0.1%3A8080%2F/Home - Liferay DXP?rangeKey=30"
              >
                <title>
                  Home - Liferay DXP
                </title>
                <tspan
                  dx="25"
                  dy="-26"
                  x="0"
                  y="0"
                >
                  Home - Liferay
                </tspan>
                <tspan
                  dx="25"
                  dy="-12"
                  x="0"
                  y="0"
                >
                  DXP
                </tspan>
              </a>
            </text>
            <g>
              <circle
                cx="7"
                cy="13"
                fill="#FF5F5F"
                r="9"
              />
              <rect
                fill="#FF5F5F"
                height="22"
                width="2"
                x="6"
                y="-17"
              />
              <text
                class="analytics-sankey-icon-reference analytics-sankey-icon-small text-truncated"
                x="4"
                y="16.5"
              >
                +
              </text>
              <text
                class="analytics-sankey-subtitle-show-link text-truncated"
                y="28"
              >
                <title>
                  Loading assets...
                </title>
                <tspan
                  dx="25"
                  dy="-26"
                  x="0"
                  y="28"
                >
                  Loading
                </tspan>
                <tspan
                  dx="25"
                  dy="-12"
                  x="0"
                  y="28"
                >
                  assets...
                </tspan>
              </text>
            </g>
          </g>
          <text
            class="analytics-sankey-numbers-of-views"
            dy="5"
            text-anchor="middle"
            x="100"
            y="40.34482758620689"
          >
            2
          </text>
        </svg>
      </g>
      <g
        class="analytics-sankey-box"
      >
        <svg
          class="analytics-sankey-node-group"
          data-index="3"
          x="100"
          y="523.1724137931035"
        >
          <rect
            class="analytics-sankey-node"
            fill="#AEB0BB"
            fill-opacity="1"
            height="144.8275862068965"
            stroke="none"
            width="200"
            y="30"
          />
          <g
            class="analytics-sankey-information"
          >
            <text
              class="analytics-sankey-views"
              fill="#6C6C76"
              x="25"
              y="-30"
            >
              14 Views
            </text>
            <circle
              cx="7"
              cy="-13"
              fill="#AEB0BB"
              r="12"
            />
            <text
              class="analytics-sankey-icon-reference analytics-sankey-icon-normal"
              x="2.5"
              y="-8"
            >
              P
            </text>
            <text
              class="analytics-sankey-title"
              y="0"
            >
              <title>
                Others
              </title>
              <tspan
                dx="25"
                dy="-10"
                x="0"
                y="0"
              >
                Others
              </tspan>
            </text>
            <g>
              <circle
                cx="7"
                cy="15"
                fill="#AEB0BB"
                r="9"
              />
              <rect
                fill="#AEB0BB"
                height="11"
                width="2"
                x="6"
                y="-3"
              />
              <text
                class="analytics-sankey-icon-reference analytics-sankey-icon-small"
                x="4"
                y="18.5"
              >
                +
              </text>
              <text
                class="analytics-sankey-subtitle-show-link text-truncated"
                y="28"
              >
                <title>
                  Loading assets...
                </title>
                <tspan
                  dx="25"
                  dy="-26"
                  x="0"
                  y="28"
                >
                  Loading
                </tspan>
                <tspan
                  dx="25"
                  dy="-12"
                  x="0"
                  y="28"
                >
                  assets...
                </tspan>
              </text>
            </g>
          </g>
          <text
            class="analytics-sankey-numbers-of-views"
            dy="5"
            text-anchor="middle"
            x="100"
            y="102.41379310344826"
          >
            14
          </text>
        </svg>
      </g>
      <g
        class="analytics-sankey-box"
      >
        <svg
          x="-300"
          y="5"
        >
          <svg>
            <rect
              class="analytics-sankey-node"
              data-index="0"
              fill="#4B9BFF"
              fill-opacity="1"
              height="72.41379310344827"
              width="200"
              x="0"
              y="260"
            />
            <line
              data-index="0"
              stroke="#F1F2F5"
              stroke-opacity="1"
              stroke-width="2"
              x1="0"
              x2="-100"
              y1="260"
              y2="260"
            />
          </svg>
          <svg>
            <rect
              class="analytics-sankey-node"
              data-index="1"
              fill="#FFB46E"
              fill-opacity="1"
              height="62.068965517241374"
              width="200"
              x="0"
              y="332.41379310344826"
            />
            <line
              data-index="1"
              stroke="#F1F2F5"
              stroke-opacity="1"
              stroke-width="2"
              x1="0"
              x2="-100"
              y1="332.41379310344826"
              y2="332.41379310344826"
            />
          </svg>
          <svg>
            <rect
              class="analytics-sankey-node"
              data-index="2"
              fill="#FF5F5F"
              fill-opacity="1"
              height="20.68965517241379"
              width="200"
              x="0"
              y="394.48275862068965"
            />
            <line
              data-index="2"
              stroke="#F1F2F5"
              stroke-opacity="1"
              stroke-width="2"
              x1="0"
              x2="-100"
              y1="394.48275862068965"
              y2="394.48275862068965"
            />
          </svg>
          <svg>
            <rect
              class="analytics-sankey-node"
              data-index="3"
              fill="#AEB0BB"
              fill-opacity="1"
              height="144.82758620689654"
              width="200"
              x="0"
              y="415.17241379310343"
            />
            <line
              data-index="3"
              stroke="#F1F2F5"
              stroke-opacity="1"
              stroke-width="2"
              x1="0"
              x2="-100"
              y1="415.17241379310343"
              y2="415.17241379310343"
            />
          </svg>
          <rect
            class="analytics-sankey-node"
            fill="#FFFFFF"
            fill-opacity="0.8"
            height="280"
            stroke="none"
            width="180"
            x="10"
            y="270"
          />
          <svg>
            <rect
              class="analytics-sankey-node"
              data-index="0"
              fill="#4B9BFF"
              fill-opacity="0"
              height="72.41379310344827"
              width="200"
              x="0"
              y="260"
            />
            <line
              data-index="0"
              stroke="#F1F2F5"
              stroke-opacity="0"
              stroke-width="2"
              x1="0"
              x2="-100"
              y1="260"
              y2="260"
            />
          </svg>
          <svg>
            <rect
              class="analytics-sankey-node"
              data-index="1"
              fill="#FFB46E"
              fill-opacity="0"
              height="62.068965517241374"
              width="200"
              x="0"
              y="332.41379310344826"
            />
            <line
              data-index="1"
              stroke="#F1F2F5"
              stroke-opacity="0"
              stroke-width="2"
              x1="0"
              x2="-100"
              y1="332.41379310344826"
              y2="332.41379310344826"
            />
          </svg>
          <svg>
            <rect
              class="analytics-sankey-node"
              data-index="2"
              fill="#FF5F5F"
              fill-opacity="0"
              height="20.68965517241379"
              width="200"
              x="0"
              y="394.48275862068965"
            />
            <line
              data-index="2"
              stroke="#F1F2F5"
              stroke-opacity="0"
              stroke-width="2"
              x1="0"
              x2="-100"
              y1="394.48275862068965"
              y2="394.48275862068965"
            />
          </svg>
          <svg>
            <rect
              class="analytics-sankey-node"
              data-index="3"
              fill="#AEB0BB"
              fill-opacity="0"
              height="144.82758620689654"
              width="200"
              x="0"
              y="415.17241379310343"
            />
            <line
              data-index="3"
              stroke="#F1F2F5"
              stroke-opacity="0"
              stroke-width="2"
              x1="0"
              x2="-100"
              y1="415.17241379310343"
              y2="415.17241379310343"
            />
          </svg>
          <g>
            <rect
              class="analytics-sankey-node"
              fill="#50D2A0"
              height="40"
              width="200"
              y="219"
            />
            <text
              class="analytics-sankey-title"
              dy="-14"
              fill="#000000"
              text-anchor="middle"
              x="100"
              y="260"
            >
              8
            </text>
            <title>
              Direct Traffic
            </title>
          </g>
          <svg
            y="210"
          >
            <g>
              <text
                class="analytics-sankey-views"
                fill="#6C6C76"
                x="25"
                y="-44"
              >
                37 Views
              </text>
              <circle
                cx="7"
                cy="-23"
                fill="#AEB0BB"
                r="12"
              />
              <text
                class="analytics-sankey-icon-reference analytics-sankey-icon-normal text-truncated"
                x="2.5"
                y="-18"
              >
                P
              </text>
              <text
                class="analytics-sankey-title text-truncated"
                y="0"
              >
                <title>
                  Home - Liferay DXP
                </title>
                <tspan
                  dx="25"
                  dy="-26"
                  x="0"
                  y="0"
                >
                  Home - Liferay
                </tspan>
                <tspan
                  dx="25"
                  dy="-12"
                  x="0"
                  y="0"
                >
                  DXP
                </tspan>
              </text>
            </g>
          </svg>
          <text
            class="analytics-sankey-numbers-of-views"
            dy="5"
            text-anchor="middle"
            x="100"
            y="410"
          >
            29
          </text>
        </svg>
      </g>
    </g>
  </svg>
</div>
`;
