// Jest Snapshot v1, https://goo.gl/fbAQLP

exports[`Individuals Dashboard renders 1`] = `
<div>
  <div
    class="index-root individuals-dashboard-root"
  >
    <div
      class="maintenance-alert-root"
    />
    <header
      class="header-root"
    >
      <div
        class="header-container"
      >
        <div
          class="row-root align-items-center d-flex justify-content-between"
        >
          <ol
            class="breadcrumb breadcrumbs-root"
          >
            <li
              class="breadcrumb-item"
            >
              <a
                class="breadcrumb-text-truncate breadcrumb-link"
                href="/workspace/123/sites"
              >
                Channel 1
              </a>
            </li>
          </ol>
        </div>
        <div
          class="header-section title-section"
        >
          <span
            class="align-items-center d-flex"
          >
            <h1
              class="title text-truncate"
            >
              <span
                class="text-truncate"
                data-tooltip="false"
                title=""
              >
                Individuals
              </span>
            </h1>
          </span>
        </div>
        <ul
          class="nav-root page-subnav nav nav-underline"
          role="tablist"
        >
          <li
            class="nav-item"
            role="presentation"
          >
            <a
              class="nav-link"
              href="/workspace/123/contacts/individuals"
              role="tab"
            >
              <span
                class="title"
              >
                Overview
              </span>
            </a>
          </li>
          <li
            class="nav-item"
            role="presentation"
          >
            <a
              class="nav-link"
              href="/workspace/123/contacts/individuals/known-individuals"
              role="tab"
            >
              <span
                class="title"
              >
                Known Individuals
              </span>
            </a>
          </li>
          <li
            class="nav-item"
            role="presentation"
          >
            <a
              class="nav-link"
              href="/workspace/123/contacts/individuals/interests"
              role="tab"
            >
              <span
                class="title"
              >
                Interests
              </span>
            </a>
          </li>
          <li
            class="nav-item"
            role="presentation"
          >
            <a
              class="nav-link"
              href="/workspace/123/contacts/individuals/distribution"
              role="tab"
            >
              <span
                class="title"
              >
                Distribution
              </span>
            </a>
          </li>
        </ul>
      </div>
    </header>
  </div>
</div>
`;
